0010 REM "CSM - Product Revision Listing"
0020 REM "Program CSM.DF"
0022 REM "+-----------------------------------------------------------+"
0024 REM "| ADD+ON Software, Inc. Advantage/V Version 6.0.0 - 15May96 |"
0026 REM "|      Copyright (c) 1996 Open Systems Holdings Corp.       |"
0028 REM "|                  All Rights Reserved                      |"
0030 REM "+-----------------------------------------------------------+"
0031 REM "MAS * DCF * WA# 204 * BASIS"
0040 REM 
0090 SETERR 9000
0095 SETESC 9000
0100 REM " --- Open/Lock Files "
0170 CALL "SYC.GA",7,1,"","",STATUS
0175 IF STATUS>0 THEN GOTO 9900
0180 LET PRTR_DEV=7
0200 REM " --- IOLISTS "
0210 CSM04A: IOLIST A0$,A1$,A2$,A[ALL]
0220 IVM01A: IOLIST *,X1$(1)
0230 CSM13A: IOLIST B0$,B1$
0240 CSM12A: IOLIST C0$,C1$,C2$,C[ALL]
0290 IVM02A: IOLIST *,*,*,JUNK[ALL],UNITCOST
0310 BMS01A: IOLIST X$,P1$,P2$,P3$,P4,X5,BOMP6
0320 IVS01A: IOLIST X$,P5$,P6$,WH$,X$,X$,P7$,P8$,P9$
0400 REM " --- Parameters
0430 FIND (SYS01_DEV,KEY=N0$+"BM"+"00",DOM=9800)IOL=BMS01A
0440 FIND (SYS01_DEV,KEY=N0$+"IV"+"00",DOM=9800)IOL=IVS01A
0445 LET WH$=WH$(6,2)
0450 DIM P[2],DESC[3],PARAMS[3]
0455 LET P[0]=NUM(P6$(1,2))
0460 FOR X=1 TO 3
0470 LET DESC[X]=NUM(P6$((X-1)*2+9,2))
0475 LET PARAMS[X]=DESC[X]
0480 NEXT X
0485 LET PARAMS[0]=P[0]
0492 IF NUM(P6$(5,1))>BOMP6 THEN LET P6=NUM(P6$(5,1)) ELSE LET P6=BOMP6
0495 PRECISION P6
0500 REM " --- Initialize Data "
0510 DIM HEADINGS$[2]
0520 LET HEADINGS$[0]=N1$,HEADINGS$[1]=N4$+" Listing",CLOCK$="",L9=55
0525 LET WHEN$=F0$(7,3),L=L9+1,H0=132,H=0,T0=0,M4$="####0",M4=LEN(M4$)
0530 LET NF$="(Not On File)"
0540 DIM C[10],X1$(60),JUNK[10]
0555 CALL "SYC.RM",P1$,P1,9,9
0560 CALL "SYC.RM",P2$,P2,7,7
0565 CALL "SYC.RM",P8$,P8,5,8
0570 CALL "SYC.RM",P9$,P9,6,8
0575 LET M2$=P8$,M9$="#####0-",M5$="####.00-"
0580 LET M7$=P9$,M9$="#####0-",M0=P[0],M7=LEN(M7$),P7=LEN(P7$),M2=LEN(M2$),M9=LEN(M9$)
0585 LET M6$="###.00",P4$="###0"
0700 REM " --- Background "
0703 PRINT @(0,3),'CE',
0705 FOR X=4 TO 12 STEP 2
0710 CALL "SYC.WC",1,0,80,0,0,X,0
0715 NEXT X
0720 PRINT 'SB',@(24,3),"Beginning Code: ",@(27,5),"Ending Code: ",
0740 PRINT @(23,7),"Print BOM Lines: ",
0790 PRINT 'SF'
1000 REM " --- Beginning Product Revision
1030 LET V0$="S",V1$="KCE^",V3$=BEGID$,V4$="",V0=3,V1=40,V2=3,O0=1
1040 LET V4$="Enter A Valid Product Revision (<F1>=First, <F3>=Lookup)"
1045 GOSUB 7000
1050 ON V3 GOTO 1070,1052,1000,1055,9900
1052 LET V$=""; PRINT @(V1,V2),"First"; GOTO 1090
1055 CALL "CSC.LK",FILES$[2],V1,V2,V$,V0,30,"Product Revisions"
1060 IF V$="" THEN GOTO 1000
1070 IF V$="" THEN GOTO 1000
1075 LET BEGID$=V$
1080 FIND (CSM04_DEV,KEY=N0$+BEGID$,DOM=1000)*,DESC$
1085 PRINT @(V1+5,V2),DESC$
1100 REM " --- Ending Product Revision"
1130 LET V0$="S",V1$="KCE^",V3$=ENDID$,V4$="",V0=3,V1=40,V2=5
1140 LET V4$="Enter A Valid Product Revision (<F1>=Last, <F3>=Lookup)"
1145 GOSUB 7000
1150 ON V3 GOTO 1170,1152,1000,1155,9900
1152 LET V$=""; PRINT @(V1,V2),"Last"; GOTO 1190
1155 CALL "CSC.LK",FILES$[2],V1,V2,V$,V0,30,"Product Revisions"
1160 IF V$="" THEN GOTO 1100
1170 IF V$="" THEN GOTO 1100
1175 LET ENDID$=V$
1180 FIND (CSM04_DEV,KEY=N0$+ENDID$,DOM=1100)*,DESC$
1185 PRINT @(V1+5,V2),DESC$
1300 REM " --- Print BOM Lines"
1320 LET V0$="Y",V1$="CE^",V2$=BOM$,V3$="",V0=1,V1=40,V2=7
1330 LET V4$="Print Bill of Material Information?"
1340 GOSUB 7000
1350 ON V3 GOTO 1370,1370,1100,1370,9900
1370 IF V$="" THEN GOTO 1300
1375 LET BOM$=V$
1900 REM " --- Correct?"
1920 CALL "SYC.YN",1,"Is The Above Information Correct",2,V$,V3
1930 ON V3 GOTO 1940,1900,1900,1900,9900
1990 ON POS(V$="YN") GOTO 1900,2000,1000
2000 REM " --- Initial Read "
2005 LET COLUMN=40
2010 CALL "SYC.NB","Printing",11,40
2020 READ (CSM04_DEV,KEY=N0$+BEGID$,DOM=2110)IOL=CSM04A
2030 GOTO 2120
2100 REM " --- Main Read "
2110 READ (CSM04_DEV,END=4000)IOL=CSM04A
2120 IF POS(N0$=A0$)<>1 THEN GOTO 4000
2130 IF ENDID$<>"" AND A0$(3,3)>ENDID$ THEN GOTO 4000
2140 PRINT @(COLUMN,11),A0$,
2200 REM " --- Print general info"
2240 IF L+3>L9 THEN GOSUB 5000
2260 PRINT (PRTR_DEV)@(0),J$,'LF',@(4),A0$(3,3),@(20),A1$,@(55),A2$(1,1),@(80),a[0]:p4$
2290 LET L=L+2,T0=T0+1
2600 REM " --- BOM Lines"
2610 IF BOM$<>"Y" THEN GOTO 2800
2620 GOSUB 11000
3900 REM 
3990 GOTO 2100
4000 REM " --- All done"
4010 IF L>L9 THEN GOSUB 5000
4020 PRINT (PRTR_DEV)""
4030 PRINT (PRTR_DEV)@(0),J$,'LF',T0," Product Revisions"
4090 GOTO 9900
5000 REM " --- Report Heading"
5010 LET L=0
5020 CALL "SYC.HA",7,HEADINGS$[ALL],2,H,H0,WHEN$,CLOCK$,STATUS
5030 IF STATUS>0 THEN EXITTO 9900
5050 PRINT (PRTR_DEV)"Product Revision",@(20),"Description",@(55),"Key, License, or None",@(80),"% of Base Price"
5090 RETURN 
5200 REM " --- Material Heading
5205 IF L+4>L9 THEN GOSUB 5000
5210 PRINT (PRTR_DEV)'LF',@(8),"Material Information",'LF',@(43),"Qty",@(51),"Alt",@(60),"Scrap",@(70),"Unit",@(78),"Total"
5220 PRINT (PRTR_DEV)@(5),"Seq",@(9),"Item",@(31),"Divisor",@(43),"Reqd",@(50),"Factor",@(59),"Factor",@(69),"Cost",@(79),"Cost",'LF'
5240 LET L=L+5
5290 RETURN 
7000 REM " --- Standard Input Routine (15May95)"
7010 CALL "SYC.IA",V0$,V1$,V2$,V3$,V4$,PGM(-2),V0,V1,V2,V$,V,V3,DISPLAY_LEN
7020 IF V3=999 THEN GOTO 7200
7030 IF V3=127 THEN GOTO 7100
7090 RETURN 
7100 REM " --- Escape During Input"
7110 CALL "SYC.ES",ERR=7200,PGM(-2),TCB(8),E$,E2,V3
7120 IF V3<>127 THEN GOTO 7000
7130 PRINT @(0,E2),'CL','CURSOR'("ON"),E$,'LF'
7200 REM " --- Error During Input"
7210 ESCAPE
7290 GOTO 7000
8000 REM "FUNCTIONS"
8010 DEF FNA$(Q$,Q2$)=STR(MOD((ASC(Q$)-32)*POS(" "<>Q2$(2,1)),100):"00")
8020 DEF FNB$(Q1$)=FNA$(Q1$(2),Q1$)+"/"+FNA$(Q1$(3),Q1$)+"/"+FNA$(Q1$(1),Q1$)
8080 DEF FNQTY(Q1,Q2,Q3,Q4,Q5)=10000*Q1*Q2/(Q3*Q4*(100-Q5))
8090 DEF FNITEM$(Q$,Q1,Q2,Q3)=CVS(Q$(1,Q1)+" "+Q$(Q1+1,Q2)+" "+Q$(Q1+Q2+1,Q3),32)
8200 REM " --- FNF$ AlphaNumeric Masking Function"
8210 DEF FNF$(Q1$,Q2$)
8220 IF Q2$="" THEN LET Q2$=FILL(LEN(Q1$),"0")
8230 RETURN STR(-NUM(Q1$,ERR=ALPHA_FNF):Q2$,ERR=ALPHA_FNF)
8240 ALPHA_FNF: 
8245 LET Q=1,Q0=0
8250 WHILE LEN(Q2$(Q))
8255 IF POS(Q2$(Q,1)="-()") THEN LET Q0=Q0+1 ELSE LET Q2$(Q,1)="X"
8260 LET Q=Q+1
8265 WEND
8270 IF LEN(Q1$)>LEN(Q2$)-Q0 THEN LET Q1$=Q1$(1,LEN(Q2$)-Q0)
8280 RETURN STR(Q1$:Q2$)
8290 FNEND
9000 REM " --- Standard Error Routine (15May95)"
9010 IF ERR=127 THEN GOTO 9300
9020 CALL "SYC.EA",ERR=9090,EXIT_CTRL,PGM(-2),ERR,TCB(5),E$,E1,E2
9030 IF E1=1 THEN GOTO 9100
9040 IF E1=3 THEN GOTO 9200
9080 PRINT @(0,E2),'CL','CURSOR'("ON"),E$,'LF'
9090 ESCAPE
9100 REM " --- Retry"
9190 RETRY
9200 REM " --- Return"
9290 GOTO 9900
9300 REM " --- Standard Escape Routine"
9310 CALL "SYC.ES",ERR=9350,PGM(-2),TCB(8),E$,E2,V3
9320 IF V3<>127 THEN GOTO 9390
9330 PRINT @(0,E2),'CL','CURSOR'("ON"),E$,'LF'
9350 ESCAPE
9390 RETURN 
9900 RUN "SYS.AA"
9999 END
11000 REM PRINT BOM LINES
11060 GOSUB 5200
11070 READ (CSM12_DEV,KEY=N0$+"D"+A0$(3,3),DOM=11080)
11080 LET K1$=KEY(CSM12_DEV,END=11400)
11090 IF POS(N0$+"D"+A0$(3,3)=K1$)<>1 THEN GOTO 11400
11100 READ (CSM12_DEV,KEY=K1$)IOL=CSM12A
11140 IF C2$(4,1)="M" AND L+2>L9 THEN GOSUB 5200
11150 IF C2$(4,1)="M" THEN PRINT (PRTR_DEV)@(5),C0$(7,3),@(9),C2$(35,60); LET L=L+1; GOTO 11280
11160 DIM X0$(30)
11170 FIND (IVM01_DEV,KEY=N0$+C1$,DOM=11190)IOL=IVM01A
11180 LET X0$(1)=FNITEM$(X1$,DESC[1],DESC[2],DESC[3])
11190 LET SUBBILL$=" "
11200 FIND (BMM01_DEV,KEY=N0$+C1$,DOM=11215)
11210 LET SUBBILL$="*"
11215 LET UNITCOST=0,YIELD=100
11217 FIND (IVM02_DEV,KEY=N0$+WH$+C1$,DOM=11220)IOL=IVM02A
11220 LET MATCOST=UNITCOST*FNQTY(C[0],C[1],C[3],YIELD,C[4])
11230 IF L+2>L9 THEN GOSUB 5200
11240 PRINT (PRTR_DEV)@(5),C0$(7,3),SUBBILL$,@(9),C1$(1,P[0]),@(30),C[3]:P1$,@(39),C[0]:P1$,@(48),C[1]:P2$,@(57),C[4]:P2$,@(66),UNITCOST:P9$,@(75),MATCOST:P9$
11250 PRINT (PRTR_DEV)@(9),X0$(1,30),@(42),"Op Seq: ",C2$(1,3),@(55),"U/M: ",C2$(33,2),@(63),"Net Qty: ",FNQTY(C[0],C[1],C[3],YIELD,C[4]):P1$
11260 LET MATTOT=MATTOT+MATCOST
11270 LET L=L+2
11290 IF L+1>L9 THEN GOSUB 5200
11300 PRINT (PRTR_DEV)@(12),"Effective: ",FNB$(C2$(5,3)),@(35),"Obsolete: ",FNB$(C2$(8,3)); LET L=L+1
11310 GOTO 11080
11500 RETURN 
