0010 REM "TMC - Called Routine: Serial Number History"
0020 REM "Program TMC.OA
0030 REM "ADD+ON SOFTWARE VERSION 5
0035 REM "12/04/91 by Jerry Koch
0039 REM "MAS * DCF * 5/18/93 * Richmark"
0040 REM "Copyright(C)1991 MicroAccounting Systems, Inc. ALL RIGHTS RESERVED
0041 REM 
0042 REM "06/05/96 KJS WA: #211 <F10> is now the hotkey, change to <F9>"
0043 REM "06/07/96 KJS WA: #211 <F9> is now quick exit"
0079 REM 
0080 SETERR 9000
0090 ENTER CONTACT$,V3
0100 REM "OPEN FILES
0110 LET SNM01=UNT; OPEN (SNM01)"SNM-01"
0130 LET SYS01_DEV=UNT; OPEN (SYS01_DEV,ERR=9900)"SYS-01"
0140 LET X$=STBL("SYS01_DEV",STR(SYS01_DEV))
0220 IOLIST B0$,B1$,B2$,B3$,B4$,B[ALL]
0270 IOLIST X$,F0$,X$,X$,F4$,F5$
0280 IOLIST X$,X[0],X[1],X[2],X[3],X[4],X[5],X[6],X[7]
0400 REM "PARAMETERS
0410 FIND (SYS01_DEV,KEY="T"+FID(0),DOM=9800)IOL=0270
0420 LET N0$=F0$(16,2)
0430 FIND (SYS01_DEV,KEY=N0$+"AR00",DOM=9800)*,*,*,P3$
0495 CLOSE (SYS01_DEV); LET X$=STBL("!CLEAR","SYS01_DEV",ERR=0496)
0500 REM --INIT DATA--
0520 LET PAGE=1
0530 DIM J0$(10,"0")
0540 LET M8$="(###)-###-####",M1$="-###,##0.00",M2$="-######0"
0550 DIM B[2]
0560 LET L0=1,L9=12,X1=1,X0=0
0600 REM "SET PARAMETERS
0610 LET WIDTH=80,HEIGHT=17,WIN_X=0,WIN_Y=6
0655 LET TITLE$="Serial Number History",NAME$=TITLE$(1,8),X$=STBL("WINDOW_NAME",NAME$)
0680 DIM HEADING$(WIDTH-2),FOOTING$(WIDTH-2); LET HEADING$(1)="Serial # Active Usr",HEADING$(21)="Prod",HEADING$(26)="Plat",HEADING$(31)="OSLv",HEADING$(37)="Rev",HEADING$(41)="Type",HEADING$(47)="Sale Date",HEADING$(58)="Comment",FOOTING$(1)=""
0700 REM --BACKGROUND--
0720 CALL "SYC.WA",0,WIDTH,HEIGHT,WIN_X,WIN_Y,TITLE$,NAME$
0790 PRINT @(0,0),'SB','BR',HEADING$,'ER','SF',
0900 REM "Sort Options
0910 DIM MENUS$[4]
0920 LET MENUS=1,MENUS$[MENUS]="TMC.OA",WIN_X=20,WIN_Y=10,V$=""
0930 CALL "SYC.OA",MENUS,MENUS$[ALL],WIN_X,WIN_Y,DESCRIPTION$,SELECTION$
0940 IF SELECTION$="" THEN GOTO 1000
0950 IF SELECTION$="OLDEST" THEN LET SRT=2,KEYDIR=1
0960 IF SELECTION$="RECENT" THEN LET SRT=2,KEYDIR=-1
0970 IF SELECTION$="SERIAL NUMBER" THEN LET SRT=1,KEYDIR=1; GOSUB 2100; IF V3=4 OR V$="END" THEN GOTO 4000
1000 REM "--- Init Read
1005 LET L=L0,DT_BRK$=""
1010 IF SELECTION$="RECENT" THEN READ (SNM01,KNUM=SRT,KEY=N0$+CONTACT$+$FF$,DOM=1015)
1015 IF SELECTION$="RECENT" THEN LET K$=KEYP(SNM01,END=4000); GOTO 1130
1020 READ (SNM01,KNUM=SRT,KEY=N0$+CONTACT$+V$,DOM=1021)
1030 PRINT 'CF',
1080 REM LET L=L0,DT_BRK$=""
1100 REM "--- Main Read
1110 REM IF SELECTION$="RECENT" THEN LET K$=KEYP(SNM01,END=4000); GOTO 1130
1120 LET K$=KEY(SNM01,END=4000)
1130 IF POS(N0$+CONTACT$=K$)<>1 THEN GOTO 4000
1150 READ (SNM01,DIR=KEYDIR,KEY=K$)IOL=0220
1190 LET MORE$=""
1200 REM "--- Page Break?
1220 IF L>L9 THEN LET MORE$="Y"; GOTO 4000
1500 REM "--- Display
1520 PRINT @(0,L),B0$(1,13),B3$(1,1),STR(B[0]:"####0"),@(21),B2$(1,3),@(26),B2$(4,3),@(31),B2$(7,3),@(36),B2$(10,3),@(41),B2$(13,3),@(46),FNB4$(B3$(2,3)),@(57),B4$
1530 REM IF SELECTION$<>"SERIAL NUMBER" THEN GOTO 1580
1540 LET V0$="S",V1$="^",V2$="",V3$="",V4$="<CR>=Next SN  <M>=More Detail  <F4>=Done",V0=1,V1=74,V2=14
1550 GOSUB 7000; IF V3=4 THEN LET V3=0; GOTO 9900
1560 REM IF V$="M" THEN CALL "TAOS2","(BBX)snquery.bbx",B0$(1,20)
1561 IF V$="M" THEN CALL "TAOSSET::PARAM","(BBX)snquery.bbx",B0$(1,20)
1580 LET L=L+1
1990 GOTO 1100
2000 REM "--- Edit Comment
2010 IF L>L9 THEN PRINT @(0,L0),'LD','LD'; LET L=L-2
2030 LET K$=KEY(SNM01,END=2100)
2040 IF POS(N0$+CONTACT$=K$)<>1 THEN GOTO 2100
2050 READ (SNM01,KEY=K$)IOL=0220
2060 GOTO 2190
2100 REM SEQ
2110 IF B0$="" THEN DIM B0$(20)
2120 REM LET V0$="S",V1$="CER^",V2$=B0$(1,20),V3$="",V4$="Enter the Serial Number, <F4>=End, <F9>=Quit",V0=3,V1=0,V2=20,I0=0
2122 LET V0$="S",V1$="^",V2$=B0$(1,20),V3$="",V4$="Enter Serial Number <F4>=End",V0=20,V1=1,V2=L9+1,I0=0
2130 GOSUB 7000
2135 RETURN 
2140 REM IF V3=4 OR V$="END" THEN GOTO 4000
2150 REM IF V$="" THEN GOTO 2100
2160 REM LET B0$(1)=V$
2180 REM READ (SNM01,KNUM=0,KEY=B0$(1,20),DOM=2185)IOL=0220; GOTO 2190
2185 REM READ (SNM01,END=2100)IOL=0220
2190 REM PRINT @(0,L),B0$(1,20),@(22),B2$(1,3),@(30),B2$(4,3),@(35),B2$(7,3),@(43),B2$(10,3),@(49),B2$(13,3),@(54),FNB$(B3$(2,3)),@(10,L+1),B4$
2195 GOTO 2800
2200 REM COMMENT
2220 LET V0$="S",V1$="C",V2$=B4$,V3$="",V4$="",V0=20,V1=10,V2=L+1
2225 LET I0=1
2230 GOSUB 7000
2280 LET B4$=V$
2290 GOTO 2900
2800 REM NEXT
2810 REM LET V0$="S",V1$="CE",V2$="",V3$="",V4$="<CR>=OK <F2>=Edit <F4>=End ",V0=1,V1=76,V2=L,I0=1
2812 LET V0$="S",V1$="CE",V2$="",V3$="",V4$="<CR>=Done ",V0=1,V1=76,V2=L,I0=1
2820 GOSUB 7000
2825 GOTO 4000
2830 REM IF V3=2 THEN LET I0=2; GOTO 2900
2840 REM WRITE (SNM01,KEY=B0$(1,20))IOL=0220
2850 REM IF V3=4 THEN GOTO 4000
2860 REM IF V3=9 THEN GOTO 9900
2880 LET L=L+2
2890 GOTO 2000
2900 REM SEQ CONTROL
2905 REM IF V3=9 THEN GOTO 9900
2910 IF V3=4 THEN IF I0>1 THEN LET I0=4; GOTO 4000
2920 IF V3<>2 THEN GOTO 2950
2930 IF I0>0 THEN LET I0=I0-1
2940 GOTO 2960
2950 LET I0=I0+1
2960 ON I0 GOTO 2100,2200,2800
4000 REM "--- Correct
4010 REM LET FOOTING$(1)="",LINE$="<F1>=Restart <F2>=Edit Serial Number Comment <F4>=End"; IF MORE$="Y" THEN LET LINE$="<CR>=More "+LINE$
4012 LET FOOTING$(1)="",LINE$="<F1>=Restart <F4>=End"; IF MORE$="Y" THEN LET LINE$="<CR>=More "+LINE$
4020 LET V0$="S",V1$="C",V2$="",V3$="",V0=1,V1=74,V2=14,FOOTING$(39-INT(LEN(LINE$)/2))=LINE$
4030 PRINT @(0,14),'BR',FOOTING$,'ER',
4040 GOSUB 7000
4045 PRINT @(0,14),'CL',
4047 IF V3=1 THEN GOTO 0900
4049 REM IF V3=2 THEN LET L=L0; PRINT 'CF',; READ (SNM01,KNUM=SRT,KEY=N0$+CONTACT$,DOM=2000); GOTO 2000
4050 IF V3=4 THEN LET V3=0; GOTO 9900
4070 IF POS(" "<>V$)=0 THEN IF MORE$="Y" THEN LET L=L0; PRINT 'CF',; GOTO 1300 ELSE GOTO 4000
4090 GOTO 2000
5000 REM "--- Page Break
5020 LET V0$="S",V1$="CE",V2$="",V3$="",V4$="<CR> To Continue or END, <F9>=Quit",V0=1,V1=41+INT(LEN(V4$)/2),V2=16
5040 GOSUB 7000
5050 IF V$="END" THEN EXITTO 4000
5060 IF V3=9 THEN EXITTO 9900
5070 LET L=L0,DT_BRK$=""
5080 PRINT 'CF',
5090 RETURN 
7000 REM " --- Standard Input Routine (15May95)"
7010 CALL "SYC.IA",V0$,V1$,V2$,V3$,V4$,PGM(-2),V0,V1,V2,V$,V,V3,DISPLAY_LEN
7020 IF V3=999 THEN GOTO 7200
7030 IF V3=127 THEN GOTO 7100
7090 RETURN 
7100 REM " --- Escape During Input"
7110 CALL "SYC.ES",ERR=7200,PGM(-2),TCB(8),E$,E2,V3
7120 IF V3<>127 THEN GOTO 7000
7130 PRINT @(0,E2),'CL','CURSOR'("ON"),E$,'LF'
7200 REM " --- Error During Input"
7210 ESCAPE
7290 GOTO 7000
8000 REM "FUNCTIONS"
8010 DEF FNA$(Q$,Q2$)=STR((ASC(Q$)-32)*POS(" "<>Q2$(2,1)):"00")
8020 DEF FNB$(Q1$)=FNA$(Q1$(2),Q1$)+"/"+FNA$(Q1$(3),Q1$)+"/"+FNA$(Q1$(1),Q1$)
8030 DEF FNC$(Q1$)=FNA$(Q1$(2),Q1$)+FNA$(Q1$(3),Q1$)+FNA$(Q1$(1),Q1$)
8040 DEF FND$(Q$)=CHR(NUM(Q$(5,2))+32)+CHR(NUM(Q$(1,2))+32)+CHR(NUM(Q$(3,2))+32)
8050 DEF FNE$(Q$)=STR(INT(TIM):"00")+":"+STR(FPT(TIM)*60:"00")
8060 DEF FNF$(Q$,Q1$)=STR(-NUM(Q$):Q1$)
8070 DEF FNG$(Q$)=STR((ASC(Q$)-32)*POS(" "<>Q$):"000")
8080 DEF FNH(Q$)=ASC(Q$)-32
8090 DEF FNI$(Q)=CHR(Q+32)
8094 DEF FNP$(Q1$)="19"+Q1$
8096 DEF FNU$(Q1$)=Q1$(5,4)+Q1$(3,2)
9000 REM " --- Standard Error Routine (15May95)"
9010 IF ERR=127 THEN GOTO 9300
9020 CALL "SYC.EA",ERR=9090,EXIT_CTRL,PGM(-2),ERR,TCB(5),E$,E1,E2
9030 IF E1=1 THEN GOTO 9100
9040 IF E1=3 THEN GOTO 9200
9080 PRINT @(0,E2),'CL','CURSOR'("ON"),E$,'LF'
9090 ESCAPE
9100 REM " --- Retry"
9190 RETRY
9200 REM " --- Return"
9210 SETERR 9000
9290 GOTO 9900
9300 REM " --- Standard Escape Routine"
9310 CALL "SYC.ES",ERR=9350,PGM(-2),TCB(8),E$,E2,V3
9320 IF V3<>127 THEN GOTO 9390
9330 PRINT @(0,E2),'CL','CURSOR'("ON"),E$,'LF'
9350 ESCAPE
9390 RETURN 
9800 REM " --- Display Parameter record error"
9810 LET LINE_ERR$=LST(PGM(TCB(5)))
9820 CALL "SYC.YA",LINE_ERR$,N2$,ERR
9900 REM "END
9901 CLOSE (SNM01)
9920 PRINT 'POP',
9998 EXIT 
9999 END
14500 REM Date with 4 digit year
14505 DEF FNA4$(Q$,Q2$)=STR(((ASC(Q$)-32)+1900)*POS(" "<>Q2$(2,1)):"0000")
14510 DEF FNB4$(Q1$)=FNA$(Q1$(2),Q1$)+"/"+FNA$(Q1$(3),Q1$)+"/"+FNA4$(Q1$(1),Q1$)
