0010 REM "TMC - Called Routine: Update Customer Master from Contact
0020 REM "Program TMC.EA
0030 REM "ADD+ON SOFTWARE VERSION 5
0035 REM "12/17/91 by Jerry Koch
0040 REM "Copyright(C)1991 MicroAccounting Systems, Inc. ALL RIGHTS RESERVED
0050 SETERR 9000
0090 ENTER A0$
0100 REM "OPEN FILES
0130 LET SYS01_DEV=UNT; OPEN (SYS01_DEV,ERR=9900)"SYS-01"
0140 rem LET X$=STBL("SYS01_DEV",STR(SYS01_DEV))
0150 LET ARM02_DEV=UNT; OPEN (ARM02_DEV,ERR=9900)"ARM-02"
0160 rem LET X$=STBL("ARM02_DEV",STR(ARM02_DEV))
0170 LET ARM01_DEV=UNT; OPEN (ARM01_DEV,ERR=9900)"ARM-01"
0180 rem LET X$=STBL("ARM01_DEV",STR(ARM01_DEV))
0190 LET ARM04_DEV=UNT; OPEN (ARM04_DEV,ERR=9900)"ARM-04"
0195 rem LET X$=STBL("ARM04_DEV",STR(ARM04_DEV))
0220 IOLIST B0$(1),B1$(1)
0230 IOLIST C0$,C1$,C[ALL]
0250 IOLIST P0$,P1$,P2$
0260 IOLIST I0$,I1$,I2$,I3$,I4$,M0$,M1$,M2$,M3$
0270 IOLIST X$,F0$,X$,X$,F4$,F5$
0400 REM "PARAMETERS
0410 FIND (SYS01_DEV,KEY="T"+FID(0),DOM=9800)IOL=0270
0420 LET N0$=F0$(16,2),M0$="000000"
0445 FIND (SYS01_DEV,KEY=N0$+"TM"+"00",DOM=9800)IOL=0250
0450 DIM P[2],C[10]
0455 LET P[0]=6
0460 FIND (SYS01_DEV,KEY=N0$+"AR"+"00",DOM=0491)IOL=0260
0490 LET P[0]=NUM(I2$(1,2)),P[1]=NUM(I2$(3,2)),P[2]=NUM(I3$(4,1))
0495 CLOSE (SYS01_DEV); rem LET X$=STBL("!CLEAR","SYS01_DEV",ERR=0496)
0500 REM --INIT DATA--
0530 DIM B1$(80),DESC$[100](60),CONTACT$(20),B0$(8),B1$(305)
0560 LET L0=1,L9=12,X1=1,X0=0,M8$="(###)-###-####"
0570 IF P[2]=9 THEN LET M7$="00000-0000" ELSE LET M7$="0000"
0580 DIM LINE[5]; LET LINE[1]=31,LINE[2]=55,LINE[3]=79,LINE[4]=179,LINE[5]=203
0600 REM "SET PARAMETERS
0900 IF P0$(17,1)<>"Y" THEN GOTO 9900
1000 REM "--- Read Customer Masterfile
1010 EXTRACT (ARM01_DEV,KEY=A0$(1,2)+A0$(253,6),DOM=9900)IOL=0220
1020 EXTRACT (ARM02_DEV,KEY=A0$(1,2)+A0$(253,6)+"  ",DOM=9900)IOL=0230
1030 REMOVE (ARM04_DEV,KEY=B0$(1,2)+"E"+B1$(103,9)+B0$(3,6),DOM=1031)
1040 REMOVE (ARM04_DEV,KEY=B0$(1,2)+"L"+B1$(112,10)+B0$(3,6),DOM=1041)
1050 REMOVE (ARM04_DEV,KEY=B0$(1,2)+"C"+C1$(21,3)+B0$(3,6),DOM=1051)
1060 REMOVE (ARM04_DEV,KEY=B0$(1,2)+"A"+B1$(146,10)+B0$(3,6),DOM=1061)
1100 REM "--- Update Customer Record
1110 REM "LET B1$(31,72)="", B1$(179,48)="", LINE=2...Don't clear ADDR 4 & 5 unless needed for this addr...(8/8/93...Barb Osborne)
1112 LET B1$(31,72)="",LINE=2
1115 LET B1$(1,30)=A0$(112,30),B1$(169,10)=FNUNDO$(A0$(375,14)),B1$(228,20)=A0$(52,30)
1120 LET B1$(31,24)=A0$(142,24); IF A0$(166,6)<>"      " THEN LET B1$(55,24)=A0$(166,6); LET LINE=LINE+1
1130 IF POS(" "<>A0$(172,24))<>0 THEN LET B1$(LINE[LINE],24)=A0$(172,24),LINE=LINE+1
1140 IF A0$(196,6)<>"      " THEN LET B1$(LINE[LINE],24)=A0$(196,6),LINE=LINE+1
1150 LET CITY$=CVS(A0$(202,20),2)
1160 LET B1$(203,25)=CITY$
1165 LET B1$(225,2)=A0$(227,2); REM "For Baby Jogger, State separate
1170 LET B1$(103,9)=A0$(229,9),B1$(265,24)=A0$(238,15)
1180 LET B1$(112,14)=FNUNDO$(A0$(38,14))
1190 LET B1$(146,10)=CVS(B1$(1,10),4)
1200 REM "--- Customer Detail
1210 LET C1$(4,2)=A0$(267,2),C1$(21,3)=A0$(285,3)
1220 LET C1$(1,3)=A0$(296,3),C1$(6,2)=A0$(264,2),C1$(34,3)=A0$(260,3); REM "For Baby Jogger
1500 REM "--- ReWrite Customer
1510 WRITE (ARM01_DEV,KEY=B0$(1,8))IOL=0220
1520 LET XX$=B0$(1,2)+"E"+B1$(103,9)+B0$(3,6); WRITE (ARM04_DEV,KEY=XX$)XX$
1530 LET XX$=B0$(1,2)+"L"+B1$(112,10)+B0$(3,6); WRITE (ARM04_DEV,KEY=XX$)XX$
1540 LET XX$=B0$(1,2)+"A"+B1$(146,10)+B0$(3,6); WRITE (ARM04_DEV,KEY=XX$)XX$
1550 WRITE (ARM02_DEV,KEY=C0$)IOL=0230
1560 LET XX$=B0$(1,2)+"C"+C1$(21,3)+B0$(3,6); WRITE (ARM04_DEV,KEY=XX$)XX$
1590 GOTO 9900
4390 GOTO 9900
7000 REM " --- Standard Input Routine (15May95)"
7010 CALL "SYC.IA",V0$,V1$,V2$,V3$,V4$,PGM(-2),V0,V1,V2,V$,V,V3,DISPLAY_LEN
7020 IF V3=999 THEN GOTO 7200
7030 IF V3=127 THEN GOTO 7100
7090 RETURN 
7100 REM " --- Escape During Input"
7110 CALL "SYC.ES",ERR=7200,PGM(-2),TCB(8),E$,E2,V3
7120 IF V3<>127 THEN GOTO 7000
7130 PRINT @(0,E2),'CL','CURSOR'("ON"),E$,'LF'
7200 REM " --- Error During Input"
7210 ESCAPE
7290 GOTO 7000
8000 REM "FUNCTIONS"
8005 REM "-- Special Date functions for YYYYMMDD Dates: FNU=Unpack (trims Century), FNP=Pack (add Century), FNB=Display YYYYMMDD as MM/DD/YY
8010 DEF FNA$(Q$,Q2$)=STR((ASC(Q$)-32)*POS(" "<>Q2$(2,1)):"00")
8020 DEF FNB$(Q1$)=Q1$(5,2)+CHR(32+15*(Q1$(5,1)<>" "))+Q1$(7,2)+CHR(32+15*(Q1$(5,1)<>" "))+Q1$(3,2)
8030 DEF FNC$(Q1$)=FNA$(Q1$(2),Q1$)+FNA$(Q1$(3),Q1$)+FNA$(Q1$(1),Q1$)
8040 DEF FND$(Q$)=CHR(NUM(Q$(5,2))+32)+CHR(NUM(Q$(1,2))+32)+CHR(NUM(Q$(3,2))+32)
8050 DEF FNE$(Q$)=STR(INT(TIM):"00")+":"+STR(FPT(TIM)*60:"00")
8060 DEF FNF$(Q$,Q1$)=STR(-NUM(Q$):Q1$)
8070 DEF FNG$(Q$)=STR((ASC(Q$)-32)*POS(" "<>Q$):"000")
8080 DEF FNH(Q$)=ASC(Q$)-32
8090 DEF FNI$(Q)=CHR(Q+32)
8094 DEF FNP$(Q1$)="19"+Q1$
8096 DEF FNU$(Q1$)=Q1$(5,4)+Q1$(3,2)
8100 DEF FNUNDO$(TMPPH$)
8110 LET TMP$="",TLEN=LEN(TMPPH$); IF TLEN THEN FOR I=1 TO TLEN; IF POS(TMPPH$(I,1)="0123456789") THEN LET TMP$=TMP$+TMPPH$(I,1) FI; NEXT I
8120 if len(tmp$)>10 then tmp$="*"+tmp$(len(tmp$)-8)
8130 RETURN TMP$
9000 REM " --- Standard Error Routine (15May95)"
9010 IF ERR=127 THEN GOTO 9300
9020 CALL "SYC.EA",ERR=9090,EXIT_CTRL,PGM(-2),ERR,TCB(5),E$,E1,E2
9030 IF E1=1 THEN GOTO 9100
9040 IF E1=3 THEN GOTO 9200
9080 PRINT @(0,E2),'CL','CURSOR'("ON"),E$,'LF'
9090 ESCAPE
9100 REM " --- Retry"
9190 RETRY
9200 REM " --- Return"
9210 SETERR 9000
9290 GOTO 9900
9300 REM " --- Standard Escape Routine"
9310 CALL "SYC.ES",ERR=9350,PGM(-2),TCB(8),E$,E2,V3
9320 IF V3<>127 THEN GOTO 9390
9330 PRINT @(0,E2),'CL','CURSOR'("ON"),E$,'LF'
9350 ESCAPE
9390 RETURN 
9800 REM " --- Display Parameter record error"
9810 LET LINE_ERR$=LST(PGM(TCB(5)))
9820 CALL "SYC.YA",LINE_ERR$,N2$,ERR
9900 REM "END
9910 CLOSE (ARM01_DEV,ERR=9911); rem LET X$=STBL("!CLEAR","ARM01_DEV",ERR=9911)
9920 CLOSE (ARM04_DEV,ERR=9921); rem LET X$=STBL("!CLEAR","ARM04_DEV",ERR=9921)
9930 CLOSE (ARM02_DEV,ERR=9931); rem LET X$=STBL("!CLEAR","ARM02_DEV",ERR=9931)
9998 EXIT 
9999 END
