0010 REM "BMR - DETAIL LISTING"
0020 REM "Program BMR.AB"
0022 REM "+-----------------------------------------------------------+"
0024 REM "| ADD+ON Software, Inc. Advantage/V Version 6.0.0 - 15May96 |"
0026 REM "|      Copyright (c) 1996 Open Systems Holdings Corp.       |"
0028 REM "|                  All Rights Reserved                      |"
0030 REM "+-----------------------------------------------------------+"
0040 REM 
0085 SETESC 9000
0090 SETERR 9000
0100 REM " --- Open/Lock Files
0120 CALL "SYC.GA",7,1,"","",STATUS
0125 IF STATUS THEN GOTO 9900
0200 REM " --- IOLists
0210 BMM01A: IOLIST A0$,A1$,A2$,A[ALL]
0500 REM " --- Init Data
0510 LET H=0
0520 DIM A[11]
0900 REM " --- Init File
0980 READ (BMM01_DEV,KEY=N0$+BILLFROM$,DOM=1000)IOL=BMM01A
0990 GOTO 1020
1000 REM " --- Read Master
1010 READ (BMM01_DEV,END=9900)IOL=BMM01A
1020 IF BILLTHRU$<>"" THEN IF A0$(1,22)>N0$+BILLTHRU$ THEN GOTO 9900
1030 CALL "BMC.AA",1,7,A0$(3,20),H,COMMENT$,"",SELECT$,PDATE$,STATUS
1040 IF STATUS>0 THEN GOTO 9900
1500 GOTO 1000
4000 REM " --- End
4020 GOTO 9900
8000 REM " --- Functions
9000 REM " --- Standard Error Routine (15May95)"
9010 IF ERR=127 THEN GOTO 9300
9020 CALL "SYC.EA",ERR=9090,EXIT_CTRL,PGM(-2),ERR,TCB(5),E$,E1,E2
9030 IF E1=1 THEN GOTO 9100
9040 IF E1=3 THEN GOTO 9200
9080 PRINT @(0,E2),'CL','CURSOR'("ON"),E$,'LF'
9090 ESCAPE
9100 REM " --- Retry"
9190 RETRY
9200 REM " --- Return"
9210 SETERR 9000
9290 GOTO 9900
9300 REM " --- Standard Escape Routine"
9310 CALL "SYC.ES",ERR=9350,PGM(-2),TCB(8),E$,E2,V3
9320 IF V3<>127 THEN GOTO 9390
9330 PRINT @(0,E2),'CL','CURSOR'("ON"),E$,'LF'
9350 ESCAPE
9390 RETURN 
9900 RUN "SYS.AA"
9999 END
